[backblue.gif]
[fade.gif]
[index.html]
[ehrbase.org/comments/feed/index.html]
[ehrbase.org/feed/index.html]
[ehrbase.org/wp-includes/js/jquery/jquery.mina7a0.js]
[ehrbase.org/wp-includes/js/jquery/jquery-migrate.mind617.js]
[ehrbase.org/wp-content/plugins/password-protect-page/public/js/dist/ppw-rc-form.bundle1576.js]
[ehrbase.org/wp-content/plugins/advanced-iframe/js/ai932e.js]
[ehrbase.org/wp-json/wp/v2/pages/1367.json]
[ehrbase.org/wp-json/index.html]
[ehrbase.org/xmlrpc0db0.php]
[ehrbase.org/wp-includes/wlwmanifest.xml]
[ehrbase.org/wp-json/oembed/1.0/embed50dd.json]
[ehrbase.org/wp-json/oembed/1.0/embedfb8e]
[ehrbase.org/wp-content/uploads/2022/07/cropped-cropped-Logo_EHRbase_negativ_RGB_web-1-1-2-2_neu-32x32.png]
[ehrbase.org/wp-content/uploads/2022/07/cropped-cropped-Logo_EHRbase_negativ_RGB_web-1-1-2-2_neu-192x192.png]
[ehrbase.org/wp-content/uploads/2022/07/cropped-cropped-Logo_EHRbase_negativ_RGB_web-1-1-2-2_neu-180x180.png]
[ehrbase.org/wp-content/uploads/2022/07/cropped-Logo_EHRbase_negativ_RGB_web-1-1-2-2_neu.png]
[ehrbase.org/wp-content/uploads/2021/05/openEHR_verlauf-1.png]
[ehrbase.org/wp-content/uploads/2021/05/platform_verlauf-2.png]
[ehrbase.org/wp-content/uploads/2021/05/fhir_verlauf.png]
[ehrbase.org/wp-content/uploads/2021/05/sdk_verlauf-1.png]
[ehrbase.org/wp-content/uploads/2021/05/git-1.png]
[ehrbase.org/wp-content/uploads/2021/05/Cloud-2.png]
[ehrbase.org/wp-content/uploads/2021/05/business_verlauf-1.png]
[ehrbase.org/wp-content/uploads/2021/05/Enterprise-2.png]
[ehrbase.org/wp-content/uploads/2022/07/EHR-base-ndp-logo.png]
[ehrbase.org/wp-content/uploads/2021/04/NUM.png]
[ehrbase.org/wp-content/uploads/2021/04/HiGHmed-1.png]
[ehrbase.org/wp-content/uploads/2021/04/MHH.png]
[ehrbase.org/wp-content/uploads/2021/04/ayusha.png]
[ehrbase.org/wp-content/uploads/2021/04/Health_Intelligence.png]
[ehrbase.org/wp-content/uploads/2021/05/softwar_verlauf.png]
[ehrbase.org/wp-content/uploads/2021/05/hospital_verlauf.png]
[ehrbase.org/wp-content/uploads/2021/05/government_verlauf.png]
[ehrbase.org/wp-content/uploads/2021/05/research.png]
[ehrbase.org/wp-content/uploads/2021/04/71323010-300x150.png]
[ehrbase.org/wp-content/uploads/2019/07/Logo.ehrbase_small-300x150.png]
[ehrbase.org/wp-includes/js/dist/vendor/regenerator-runtime.min3937.js]
[ehrbase.org/wp-includes/js/dist/vendor/wp-polyfill.min2c7c.js]
[ehrbase.org/wp-content/plugins/contact-form-7/includes/js/indexc225.js]
[ehrbase.org/wp-content/themes/onepress/assets/js/plugins3cae.js]
[ehrbase.org/wp-content/themes/onepress/assets/js/bootstrap.min3cae.js]
[ehrbase.org/wp-content/themes/onepress/assets/js/isotope.pkgd.min3cae.js]
[ehrbase.org/wp-content/themes/onepress/assets/js/theme3cae.js]
[ehrbase.org/wp-content/themes/onepress/assets/js/jquery.bully6a4d.js]
[ehrbase.org/wp-content/themes/onepress/assets/js/owl.carousel.min6a4d.js]
[ehrbase.org/wp-content/plugins/onepress-plus/assets/js/slider6a4d.js]
[ehrbase.org/wp-content/plugins/onepress-plus/assets/js/onepress-plus3cae.js]
[ehrbase.org/index.html]
[ehrbase.org/wp-includes/css/dist/block-library/style.min6a4d.css]
[ehrbase.org/wp-includes/css/classic-themes.min68b3.css]
[ehrbase.org/wp-content/plugins/contact-form-7/includes/css/stylesc225.css]
[ehrbase.org/wp-content/plugins/password-protect-page/public/js/dist/ppw-rc-form1576.css]
[ehrbase.org/wp-content/themes/onepress/assets/css/animate.min3cae.css]
[ehrbase.org/wp-content/themes/onepress/assets/fonts/fontawesome-webfont3e6e.eot]
[ehrbase.org/wp-content/themes/onepress/assets/fonts/fontawesome-webfontd41d.eot]
[ehrbase.org/wp-content/themes/onepress/assets/fonts/fontawesome-webfont3e6e.woff]
[ehrbase.org/wp-content/themes/onepress/assets/fonts/fontawesome-webfont3e6e.ttf]
[ehrbase.org/wp-content/themes/onepress/assets/css/font-awesome.min1849.css]
[ehrbase.org/wp-content/themes/onepress/assets/css/bootstrap.min3cae.css]
[ehrbase.org/wp-content/themes/onepress/style6a4d.css]
[ehrbase.org/wp-content/themes/onepress/assets/fonts/lgd641.eot]
[ehrbase.org/wp-content/themes/onepress/assets/fonts/lgd41d.eot]
[ehrbase.org/wp-content/themes/onepress/assets/fonts/lgd641.woff]
[ehrbase.org/wp-content/themes/onepress/assets/fonts/lgd641.ttf]
[ehrbase.org/wp-content/themes/onepress/assets/images/loading.gif]
[ehrbase.org/wp-content/themes/onepress/assets/css/lightgallery6a4d.css]
[ehrbase.org/wp-content/plugins/tablepress/css/tablepress.eot]
[ehrbase.org/wp-content/plugins/tablepress/css/tablepressd41d.eot]
[ehrbase.org/wp-content/plugins/tablepress/css/default.min2c00.css]
[ehrbase.org/wp-content/plugins/onepress-plus/onepress-plus3cae.css]
[ehrbase.org/index79be.html]
[ehrbase.org/wp-json/wp/v2/pages/1991.json]
[ehrbase.org/wp-json/oembed/1.0/embedc0e5.json]
[ehrbase.org/wp-json/oembed/1.0/embed7220]
[ehrbase.org/download/index.html]
[ehrbase.org/wp-json/wp/v2/pages/1999.json]
[ehrbase.org/wp-json/oembed/1.0/embeda4be.json]
[ehrbase.org/wp-json/oembed/1.0/embedf206]
[ehrbase.org/about-ehrbase/index.html]
[ehrbase.org/wp-json/wp/v2/posts/1849.json]
[ehrbase.org/ehrbase-powers-germanys-covid-19-data-platform/feed/index.html]
[ehrbase.org/wp-json/oembed/1.0/embedb168.json]
[ehrbase.org/wp-json/oembed/1.0/embed8db5]
[ehrbase.org/wp-includes/js/comment-reply.min6a4d.js]
[ehrbase.org/ehrbase-powers-germanys-covid-19-data-platform/index.html]
[ehrbase.org/wp-json/wp/v2/posts/1841.json]
[ehrbase.org/beta-release/feed/index.html]
[ehrbase.org/wp-json/oembed/1.0/embed322c.json]
[ehrbase.org/beta-release/index.html]
[ehrbase.org/wp-json/oembed/1.0/embede1c0]
[ehrbase.org/wp-content/themes/onepress/assets/fonts/fontawesome-webfont3e6e.html]
[ehrbase.org/wp-content/themes/onepress/assets/fonts/fontawesome-webfont3e6e.svg]
[ehrbase.org/wp-content/themes/onepress/assets/fonts/lgd641.svg]
[ehrbase.org/wp-json/wp/v2/pages/1658.json]
[ehrbase.org/wp-json/oembed/1.0/embedb31b.json]
[ehrbase.org/wp-json/oembed/1.0/embed6e17]
[ehrbase.org/developers/index.html]
[ehrbase.org/indexe741.html]
[ehrbase.org/wp-json/wp/v2/pages/1671.json]
[ehrbase.org/wp-json/oembed/1.0/embed999c.json]
[ehrbase.org/wp-json/oembed/1.0/embed555c]
[ehrbase.org/wp-content/plugins/tablepress/js/jquery.datatables.min2c00.js]
[ehrbase.org/core-team/index.html]
[ehrbase.org/wp-json/wp/v2/pages/1664.json]
[ehrbase.org/wp-json/oembed/1.0/embeda920.json]
[ehrbase.org/wp-json/oembed/1.0/embed46fa]
[ehrbase.org/code-of-conduct/index.html]
[ehrbase.org/index6752.html]
[ehrbase.org/index9c7a.html]
[ehrbase.org/xmlrpc.php]
[ehrbase.org/wp-json/wp/v2/users/4.json]
[ehrbase.org/author/birger/index.html]
[ehrbase.org/indexb864.html]
[ehrbase.org/author/birger/feed/index.html]
[ehrbase.org/wp-json/wp/v2/users/3.json]
[ehrbase.org/author/jake/feed/index.html]
[ehrbase.org/author/jake/index.html]
[ehrbase.org/indexfd09.html]
[ehrbase.org/index0f55.html]
[ehrbase.org/indexfbb7.html]
[ehrbase.org/wp-json/wp/v2/categories/1.json]
[ehrbase.org/category/uncategorized/index.html]
[ehrbase.org/category/uncategorized/feed/index.html]
[ehrbase.org/wp-json/wp/v2/posts/1830.json]
[ehrbase.org/wp-json/oembed/1.0/embed1723.json]
[ehrbase.org/2020-alpha-release/index.html]
[ehrbase.org/index8b41.html]
[ehrbase.org/wp-json/oembed/1.0/embedb591]
[ehrbase.org/wp-json/wp/v2/users/1.json]
[ehrbase.org/author/haarbrandt_sy6k9a34/index.html]
[ehrbase.org/author/haarbrandt_sy6k9a34/feed/index.html]
